// Jest Snapshot v1, https://jestjs.io/docs/snapshot-testing

exports[`Categories Component matches snapshot 1`] = `
<DocumentFragment>
  <div
    class="shadow border border-gray-200 rounded-lg p-4 bg-white"
  >
    <h2
      class="text-2xl font-semibold mb-2"
    >
      Categories
    </h2>
    <ul
      class="space-y-1"
    >
      <li>
        <a
          href="/products?categoryId=1"
        >
          Electronics
        </a>
      </li>
      <li>
        <a
          href="/products?categoryId=2"
        >
          Clothing
        </a>
      </li>
      <li>
        <a
          href="/products?categoryId=3"
        >
          Books
        </a>
      </li>
    </ul>
  </div>
</DocumentFragment>
`;
