// Jest Snapshot v1, https://jestjs.io/docs/snapshot-testing

exports[`ProductCard matches snapshot 1`] = `
<DocumentFragment>
  <a
    href="/product/1"
  >
    <div
      class="bg-white shadow border border-gray-200 rounded-lg"
    >
      <img
        alt="Classic Red Hoodie"
        blurdataurl="/assets/images/placeholder.jpg"
        class="w-full h-40 md:h-48 lg:h-56 object-cover rounded-t-md"
        data-testid="product-image"
        height="500"
        placeholder="blur"
        src="https://placehold.co/600x400"
        width="500"
      />
      <div
        class="p-4"
      >
        <h2
          class="text-l font-semibold text-gray-800 line-clamp-2 h-15"
        >
          Classic Red Hoodie
        </h2>
        <p
          class="text-sm text-gray-400"
        >
          Clothing
        </p>
        <p
          class="text-xl text-red-600 font-semibold mt-1"
        >
          $49.99
        </p>
        <p
          class="text-sm text-black mt-1 line-clamp-2 mb-3 h-10"
        >
          Lorem Ipsum is simply dummy text of the printing and typesetting industry. Lorem Ipsum has been the industry's standard dummy text ever since the 1500s, when an unknown printer took a galley of type and scrambled it to make a type specimen book.
        </p>
        <button
          class="rounded-full font-semibold transition-colors duration-200 focus:outline-none bg-blue-800 text-white hover:bg-blue-700 px-5 py-2 text-sm disabled:bg-blue-300 disabled:text-gray-100 disabled:cursor-not-allowed w-full"
          data-testid="add-to-cart"
        >
          Add to Cart
        </button>
      </div>
    </div>
  </a>
</DocumentFragment>
`;
